TRACK3_CONFIRMING_WALK start 2026-07-18T16:21:16.025856+00:00
FIXTURE timeout_bait=C:\Users\prana\OneDrive\Desktop\NGOInfo-Grantpilot\docs\artefacts\me_module\audits\fixtures\nlcf_timeout_bait_proposal.docx bytes=37476

### Trying proposal strategy=timeout_bait_docx path=C:\Users\prana\OneDrive\Desktop\NGOInfo-Grantpilot\docs\artefacts\me_module\audits\fixtures\nlcf_timeout_bait_proposal.docx
=== BRANCH answered report_id=0d4e654b-f643-4d5a-ac7f-f68e1d3fab8b email=audit-track3-answered-1784391677@grantpilot-test.org ===
UPLOAD proposal nlcf_timeout_bait_proposal.docx -> da625271-0755-4569-96f1-e3eb05ea4ea4
UPLOAD 02_NLCF_Southbank_Award_Letter.docx -> 36f519b6-cb21-49d6-b758-9f01f797efd8
UPLOAD 03_NLCF_Southbank_Monitoring_and_Spend_Table.docx -> 88902596-415c-4150-9a40-2869b4a7d166
ENQUEUE {'status_code': 200, 'body': {'job_id': '92537eed-7ba2-4e49-a309-30e6cbbf6d31', 'donor_report_id': '0d4e654b-f643-4d5a-ac7f-f68e1d3fab8b', 'stage': 'classify', 'status': 'queued'}}
  [answered-checkpoint] status=queued stage=classify error=None
  [answered-checkpoint] status=running stage=classify error=None
  [answered-checkpoint] status=running stage=extract error=None
  [answered-checkpoint] status=running stage=extract error=None
  [answered-checkpoint] status=running stage=extract error=None
  [answered-checkpoint] status=running stage=extract error=None
  [answered-checkpoint] status=running stage=extract error=None
  [answered-checkpoint] status=running stage=extract error=None
  [answered-checkpoint] status=running stage=extract error=None
  [answered-checkpoint] status=running stage=extract error=None
  [answered-checkpoint] status=running stage=extract error=None
  [answered-checkpoint] status=running stage=extract error=None
  [answered-checkpoint] status=running stage=extract error=None
  [answered-checkpoint] status=running stage=extract error=None
  [answered-checkpoint] status=running stage=extract error=None
  [answered-checkpoint] status=running stage=extract error=None
  [answered-checkpoint] status=running stage=extract error=None
  [answered-checkpoint] status=running stage=reconcile error=None
  [answered-checkpoint] status=running stage=reconcile error=None
  [answered-checkpoint] status=running stage=reconcile error=None
  [answered-checkpoint] status=running stage=reconcile error=None
  [answered-checkpoint] status=running stage=reconcile error=None
  [answered-checkpoint] status=running stage=reconcile error=None
  [answered-checkpoint] status=running stage=reconcile error=None
  [answered-checkpoint] status=running stage=reconcile error=None
  [answered-checkpoint] status=running stage=reconcile error=None
  [answered-checkpoint] status=running stage=reconcile error=None
  [answered-checkpoint] status=running stage=reconcile error=None
  [answered-checkpoint] status=running stage=reconcile error=None
  [answered-checkpoint] status=running stage=reconcile error=None
  [answered-checkpoint] status=running stage=reconcile error=None
  [answered-checkpoint] status=running stage=reconcile error=None
  [answered-checkpoint] status=awaiting_human stage=gap error=None
CHECKPOINT_STATE {"job_status": "awaiting_human", "job_stage": "gap", "timeout": false, "checkpoint": null, "user_facing": {"status": "awaiting_human", "stage": "gap", "error": null}}

### Trying proposal strategy=image_only_pdf_as_proposal path=C:\Users\prana\OneDrive\Desktop\NGOInfo-Grantpilot\docs\artefacts\me_module\audits\fixtures\01_NLCF_Unreadable_Proposal.pdf
=== BRANCH answered report_id=18976580-62af-4836-bdc3-9b35ee3f3f06 email=audit-track3-answered-1784392068@grantpilot-test.org ===
UPLOAD proposal 01_NLCF_Unreadable_Proposal.pdf -> 831b2378-6d40-49c6-be02-84a88595a8e1
UPLOAD 02_NLCF_Southbank_Award_Letter.docx -> 324c0d0b-af51-46b6-9ad8-18704c457068
UPLOAD 03_NLCF_Southbank_Monitoring_and_Spend_Table.docx -> 44e8c128-ea99-43ad-bfc4-d46d25393b11
ENQUEUE {'status_code': 200, 'body': {'job_id': '0fc45f15-2b28-4636-947f-0b7d9f465935', 'donor_report_id': '18976580-62af-4836-bdc3-9b35ee3f3f06', 'stage': 'classify', 'status': 'queued'}}
  [answered-checkpoint] status=queued stage=classify error=None
  [answered-checkpoint] status=running stage=classify error=None
  [answered-checkpoint] status=running stage=extract error=None
  [answered-checkpoint] status=running stage=extract error=None
  [answered-checkpoint] status=running stage=extract error=None
  [answered-checkpoint] status=running stage=extract error=None
  [answered-checkpoint] status=running stage=extract error=None
  [answered-checkpoint] status=running stage=extract error=None
  [answered-checkpoint] status=running stage=extract error=None
  [answered-checkpoint] status=running stage=extract error=None
  [answered-checkpoint] status=running stage=extract error=None
  [answered-checkpoint] status=running stage=extract error=None
  [answered-checkpoint] status=running stage=extract error=None
  [answered-checkpoint] status=running stage=extract error=None
  [answered-checkpoint] status=running stage=extract error=None
  [answered-checkpoint] status=running stage=extract error=None
  [answered-checkpoint] status=running stage=extract error=None
  [answered-checkpoint] status=running stage=extract error=None
  [answered-checkpoint] status=running stage=reconcile error=None
  [answered-checkpoint] status=running stage=reconcile error=None
  [answered-checkpoint] status=running stage=reconcile error=None
  [answered-checkpoint] status=running stage=reconcile error=None
  [answered-checkpoint] status=running stage=reconcile error=None
  [answered-checkpoint] status=running stage=reconcile error=None
  [answered-checkpoint] status=running stage=reconcile error=None
  [answered-checkpoint] status=running stage=reconcile error=None
  [answered-checkpoint] status=running stage=reconcile error=None
  [answered-checkpoint] status=running stage=reconcile error=None
  [answered-checkpoint] status=running stage=reconcile error=None
  [answered-checkpoint] status=running stage=reconcile error=None
  [answered-checkpoint] status=running stage=reconcile error=None
  [answered-checkpoint] status=running stage=reconcile error=None
  [answered-checkpoint] status=running stage=reconcile error=None
  [answered-checkpoint] status=running stage=reconcile error=None
  [answered-checkpoint] status=running stage=reconcile error=None
  [answered-checkpoint] status=running stage=reconcile error=None
  [answered-checkpoint] status=running stage=reconcile error=None
  [answered-checkpoint] status=running stage=reconcile error=None
  [answered-checkpoint] status=running stage=reconcile error=None
  [answered-checkpoint] status=running stage=reconcile error=None
  [answered-checkpoint] status=running stage=reconcile error=None
  [answered-checkpoint] status=running stage=reconcile error=None
  [answered-checkpoint] status=running stage=reconcile error=None
  [answered-checkpoint] status=running stage=reconcile error=None
  [answered-checkpoint] status=running stage=reconcile error=None
  [answered-checkpoint] status=running stage=reconcile error=None
  [answered-checkpoint] status=running stage=reconcile error=None
  [answered-checkpoint] status=running stage=reconcile error=None
  [answered-checkpoint] status=running stage=reconcile error=None
  [answered-checkpoint] status=running stage=reconcile error=None
  [answered-checkpoint] status=awaiting_human stage=gap error=None
CHECKPOINT_STATE {"job_status": "awaiting_human", "job_stage": "gap", "timeout": false, "checkpoint": null, "user_facing": {"status": "awaiting_human", "stage": "gap", "error": null}}
EVIDENCE=C:\Users\prana\OneDrive\Desktop\NGOInfo-Grantpilot\docs\artefacts\me_module\audits\TRACK3_CONFIRMING_WALK_EVIDENCE_20260718T162116Z.json
STOP: no strategy produced proposal checkpoint
