
=== GAP ATTEMPT 1 ===

=== GAP ATTEMPT 1 ===
REQUEUED gap job f94a2cfd-b1c2-483e-8217-4448eb3196b5 for report 39059799-e109-47f6-a218-979d8513f687
  [gap-retry] status=running stage=gap error=None
  [gap-retry] status=running stage=gap error=None
  [gap-retry] status=running stage=gap error=None
  [gap-retry] status=running stage=gap error=None
  [gap-retry] status=running stage=gap error=None
  [gap-retry] status=running stage=gap error=None
  [gap-retry] status=running stage=gap error=None
  [gap-retry] status=running stage=gap error=None
  [gap-retry] status=running stage=gap error=None
  [gap-retry] status=running stage=gap error=None
  [gap-retry] status=running stage=gap error=None
  [gap-retry] status=failed stage=gap error='gap: Gap agent response is not valid JSON: Expecting value: line 1 column 1 (char 0)'
POST_GAP status=failed stage=gap error='gap: Gap agent response is not valid JSON: Expecting value: line 1 column 1 (char 0)'

=== GAP ATTEMPT 2 ===
REQUEUED gap job f94a2cfd-b1c2-483e-8217-4448eb3196b5 for report 39059799-e109-47f6-a218-979d8513f687
  [gap-retry] status=running stage=gap error=None
  [gap-retry] status=running stage=gap error=None
  [gap-retry] status=running stage=gap error=None
  [gap-retry] status=running stage=gap error=None
  [gap-retry] status=running stage=gap error=None
  [gap-retry] status=running stage=gap error=None
  [gap-retry] status=running stage=gap error=None
  [gap-retry] status=running stage=gap error=None
  [gap-retry] status=running stage=gap error=None
  [gap-retry] status=running stage=gap error=None
  [gap-retry] status=running stage=gap error=None
  [gap-retry] status=failed stage=gap error='gap: Gap agent response is not valid JSON: Expecting value: line 1 column 1 (char 0)'
POST_GAP status=failed stage=gap error='gap: Gap agent response is not valid JSON: Expecting value: line 1 column 1 (char 0)'

=== GAP ATTEMPT 3 ===
REQUEUED gap job f94a2cfd-b1c2-483e-8217-4448eb3196b5 for report 39059799-e109-47f6-a218-979d8513f687
  [gap-retry] status=running stage=gap error=None
  [gap-retry] status=running stage=gap error=None
  [gap-retry] status=running stage=gap error=None
  [gap-retry] status=running stage=gap error=None
  [gap-retry] status=running stage=gap error=None
  [gap-retry] status=running stage=gap error=None
  [gap-retry] status=running stage=gap error=None
  [gap-retry] status=running stage=gap error=None
  [gap-retry] status=running stage=gap error=None
  [gap-retry] status=running stage=gap error=None
  [gap-retry] status=failed stage=gap error='gap: Gap agent response is not valid JSON: Expecting value: line 1 column 1 (char 0)'
POST_GAP status=failed stage=gap error='gap: Gap agent response is not valid JSON: Expecting value: line 1 column 1 (char 0)'

=== GAP ATTEMPT 4 ===
REQUEUED gap job f94a2cfd-b1c2-483e-8217-4448eb3196b5 for report 39059799-e109-47f6-a218-979d8513f687
  [gap-retry] status=running stage=gap error=None
  [gap-retry] status=running stage=gap error=None
  [gap-retry] status=running stage=gap error=None
  [gap-retry] status=running stage=gap error=None
  [gap-retry] status=running stage=gap error=None
  [gap-retry] status=running stage=gap error=None
  [gap-retry] status=running stage=gap error=None
  [gap-retry] status=running stage=gap error=None
  [gap-retry] status=running stage=gap error=None
  [gap-retry] status=running stage=gap error=None
  [gap-retry] status=running stage=gap error=None
  [gap-retry] status=failed stage=gap error='gap: Gap agent response is not valid JSON: Expecting value: line 1 column 1 (char 0)'
POST_GAP status=failed stage=gap error='gap: Gap agent response is not valid JSON: Expecting value: line 1 column 1 (char 0)'

=== GAP ATTEMPT 5 ===
REQUEUED gap job f94a2cfd-b1c2-483e-8217-4448eb3196b5 for report 39059799-e109-47f6-a218-979d8513f687
  [gap-retry] status=running stage=gap error=None
  [gap-retry] status=running stage=gap error=None
  [gap-retry] status=running stage=gap error=None
  [gap-retry] status=running stage=gap error=None
  [gap-retry] status=running stage=gap error=None
  [gap-retry] status=running stage=gap error=None
  [gap-retry] status=running stage=gap error=None
  [gap-retry] status=running stage=gap error=None
  [gap-retry] status=running stage=gap error=None
  [gap-retry] status=running stage=gap error=None
  [gap-retry] status=failed stage=gap error='gap: Gap agent response is not valid JSON: Expecting value: line 1 column 1 (char 0)'
POST_GAP status=failed stage=gap error='gap: Gap agent response is not valid JSON: Expecting value: line 1 column 1 (char 0)'

=== GAP ATTEMPT 6 ===
REQUEUED gap job f94a2cfd-b1c2-483e-8217-4448eb3196b5 for report 39059799-e109-47f6-a218-979d8513f687
  [gap-retry] status=running stage=gap error=None
  [gap-retry] status=running stage=gap error=None
  [gap-retry] status=running stage=gap error=None
  [gap-retry] status=running stage=gap error=None
  [gap-retry] status=running stage=gap error=None
  [gap-retry] status=running stage=gap error=None
  [gap-retry] status=running stage=gap error=None
  [gap-retry] status=running stage=gap error=None
  [gap-retry] status=running stage=gap error=None
  [gap-retry] status=running stage=gap error=None
  [gap-retry] status=failed stage=gap error='gap: Gap agent response is not valid JSON: Expecting value: line 1 column 1 (char 0)'
POST_GAP status=failed stage=gap error='gap: Gap agent response is not valid JSON: Expecting value: line 1 column 1 (char 0)'

=== GAP ATTEMPT 7 ===
REQUEUED gap job f94a2cfd-b1c2-483e-8217-4448eb3196b5 for report 39059799-e109-47f6-a218-979d8513f687
  [gap-retry] status=running stage=gap error=None
  [gap-retry] status=running stage=gap error=None
  [gap-retry] status=running stage=gap error=None
  [gap-retry] status=running stage=gap error=None
  [gap-retry] status=running stage=gap error=None
  [gap-retry] status=running stage=gap error=None
  [gap-retry] status=running stage=gap error=None
  [gap-retry] status=running stage=gap error=None
  [gap-retry] status=running stage=gap error=None
  [gap-retry] status=running stage=gap error=None
  [gap-retry] status=failed stage=gap error='gap: Gap agent response is not valid JSON: Expecting value: line 1 column 1 (char 0)'
POST_GAP status=failed stage=gap error='gap: Gap agent response is not valid JSON: Expecting value: line 1 column 1 (char 0)'

=== GAP ATTEMPT 8 ===
REQUEUED gap job f94a2cfd-b1c2-483e-8217-4448eb3196b5 for report 39059799-e109-47f6-a218-979d8513f687
  [gap-retry] status=running stage=gap error=None
  [gap-retry] status=running stage=gap error=None
  [gap-retry] status=running stage=gap error=None
  [gap-retry] status=running stage=gap error=None
  [gap-retry] status=running stage=gap error=None
  [gap-retry] status=running stage=gap error=None
  [gap-retry] status=running stage=gap error=None
  [gap-retry] status=running stage=gap error=None
  [gap-retry] status=running stage=gap error=None
  [gap-retry] status=running stage=gap error=None
  [gap-retry] status=failed stage=gap error='gap: Gap agent response is not valid JSON: Expecting value: line 1 column 1 (char 0)'
POST_GAP status=failed stage=gap error='gap: Gap agent response is not valid JSON: Expecting value: line 1 column 1 (char 0)'

=== GAP ATTEMPT 9 ===
REQUEUED gap job f94a2cfd-b1c2-483e-8217-4448eb3196b5 for report 39059799-e109-47f6-a218-979d8513f687
  [gap-retry] status=running stage=gap error=None
  [gap-retry] status=running stage=gap error=None
  [gap-retry] status=running stage=gap error=None
  [gap-retry] status=running stage=gap error=None
  [gap-retry] status=running stage=gap error=None
  [gap-retry] status=running stage=gap error=None
  [gap-retry] status=running stage=gap error=None
  [gap-retry] status=running stage=gap error=None
  [gap-retry] status=running stage=gap error=None
  [gap-retry] status=running stage=gap error=None
  [gap-retry] status=failed stage=gap error='gap: Gap agent response is not valid JSON: Expecting value: line 1 column 1 (char 0)'
POST_GAP status=failed stage=gap error='gap: Gap agent response is not valid JSON: Expecting value: line 1 column 1 (char 0)'

=== GAP ATTEMPT 10 ===
REQUEUED gap job f94a2cfd-b1c2-483e-8217-4448eb3196b5 for report 39059799-e109-47f6-a218-979d8513f687
  [gap-retry] status=running stage=gap error=None
  [gap-retry] status=running stage=gap error=None
  [gap-retry] status=running stage=gap error=None
  [gap-retry] status=running stage=gap error=None
  [gap-retry] status=running stage=gap error=None
  [gap-retry] status=running stage=gap error=None
  [gap-retry] status=running stage=gap error=None
  [gap-retry] status=running stage=gap error=None
  [gap-retry] status=running stage=gap error=None
  [gap-retry] status=running stage=gap error=None
  [gap-retry] status=failed stage=gap error='gap: Gap agent response is not valid JSON: Expecting value: line 1 column 1 (char 0)'
POST_GAP status=failed stage=gap error='gap: Gap agent response is not valid JSON: Expecting value: line 1 column 1 (char 0)'
